// Jest Snapshot v1, https://goo.gl/fbAQLP

exports[`renders correctly enzyme 1`] = `
<div
  className="container"
>
  <h3>
    Add Todo
  </h3>
  <form
    className="fm"
  >
    <div
      className="cta_1"
    >
      <label
        className="cta-title"
        htmlFor="title"
      >
        Title
      </label>
      <br />
      <input
        autoComplete="off"
        className="inpt-title"
        id="title"
        onChange={[Function]}
        placeholder="Write title for your todo"
        type="text"
        value=""
      />
    </div>
    <div
      className="cta_2"
    >
      <label
        className="cta-desc"
        htmlFor="desc"
      >
        Description
      </label>
      <br />
      <input
        autoComplete="off"
        className="inpt-desc"
        id="desc"
        onChange={[Function]}
        placeholder="Little description"
        type="text"
        value=""
      />
    </div>
    <div
      className="cta_3"
    >
      <label
        className="cta-date"
        htmlFor="date"
      >
        Due Date
      </label>
      <br />
      <input
        autoComplete="off"
        className="inpt-date"
        id="date"
        onChange={[Function]}
        type="date"
        value=""
      />
    </div>
    <div
      className="cta_2"
    >
      <label
        className="cta-desc"
        htmlFor="status"
      >
        Status
      </label>
      <br />
      <input
        autoComplete="on"
        className="inpt-desc"
        id="status"
        onChange={[Function]}
        placeholder="E.g. OnGoing , Stalled ,ToDo ,Done"
        type="text"
        value=""
      />
    </div>
  </form>
  <button
    className="btn_a"
    onClick={[Function]}
    type="submit"
  >
    Add Todo
  </button>
  <Modal
    ariaHideApp={true}
    bodyOpenClassName="ReactModal__Body--open"
    closeTimeoutMS={0}
    contentElement={[Function]}
    isOpen={false}
    onRequestClose={[Function]}
    overlayElement={[Function]}
    parentSelector={[Function]}
    portalClassName="ReactModalPortal"
    preventScroll={false}
    role="dialog"
    shouldCloseOnEsc={true}
    shouldCloseOnOverlayClick={true}
    shouldFocusAfterRender={true}
    shouldReturnFocusAfterClose={true}
  >
    <h1
      style={
        Object {
          "alignItems": "center",
          "color": "black",
        }
      }
    >
      TODO Summary
    </h1>
    <h3
      style={
        Object {
          "alignItems": "center",
          "color": "black",
        }
      }
    >
      Title: 
    </h3>
    <h3
      style={
        Object {
          "alignItems": "center",
          "color": "black",
        }
      }
    >
      Desciption: 
    </h3>
    <h3
      style={
        Object {
          "alignItems": "center",
          "color": "black",
        }
      }
    >
      Date: 
    </h3>
    <h3
      style={
        Object {
          "alignItems": "center",
          "color": "black",
        }
      }
    >
      Status: 
    </h3>
    <img
      src="radicalli.jpg"
      style={
        Object {
          "alt": "logo",
          "height": "35%",
          "position": "absolute",
          "right": "180px",
          "top": "170px",
        }
      }
    />
    <button
      className="btn-action"
      onClick={[Function]}
    >
      Save
    </button>
    <button
      className="btn-close"
      onClick={[Function]}
    >
      Close
    </button>
  </Modal>
</div>
`;
